[backblue.gif]
[fade.gif]
[index.html]
[www.ianonimo.com/assets/img/favicon.ico]
[www.ianonimo.com/assets/img/logo.png]
[www.ianonimo.com/images/icons/ico_mail.png]
[www.ianonimo.com/images/icons/ico_what.png]
[www.ianonimo.com/images/icons/ico_face.png]
[www.ianonimo.com/images/icons/ico_instagram.png]
[www.ianonimo.com/images/icons/ico_telegram.png]
[www.ianonimo.com/images/icons/ico_linke.png]
[www.ianonimo.com/images/app2.png]
[www.ianonimo.com/assets/js/jquery.min.js]
[www.ianonimo.com/assets/js/jquery-migrate.js]
[www.ianonimo.com/assets/js/bootstrap.js]
[www.ianonimo.com/assets/js/waypoints.js]
[www.ianonimo.com/assets/js/jquery.counterup.js]
[www.ianonimo.com/assets/js/aos.js]
[www.ianonimo.com/assets/js/jquery.stellar.js]
[www.ianonimo.com/assets/js/owl.carousel.js]
[www.ianonimo.com/assets/js/particles.js]
[www.ianonimo.com/assets/js/lity.js]
[www.ianonimo.com/assets/js/app-particles.js]
[www.ianonimo.com/index.html]
[www.ianonimo.com/assets/css/bootstrap.css]
[www.ianonimo.com/assets/fonts/icofont7858.eot]
[www.ianonimo.com/assets/fonts/icofont7858.ttf]
[www.ianonimo.com/assets/fonts/icofont7858.woff]
[www.ianonimo.com/assets/css/icofont.css]
[www.ianonimo.com/assets/css/aos.css]
[www.ianonimo.com/assets/css/owl.carousel.css]
[www.ianonimo.com/assets/css/owl.theme.css]
[www.ianonimo.com/assets/css/lity.css]
[www.ianonimo.com/assets/css/style-particles.css]
[www.ianonimo.com/paso1.html]
[www.ianonimo.com/Formulario0dab.html]
[www.ianonimo.com/Formulario513b.html]
[www.ianonimo.com/Formulario728f.html]
[www.ianonimo.com/Formulariodcf7.html]
[www.ianonimo.com/Formulario3de9.html]
[www.ianonimo.com/Formularioff4f.html]
[www.ianonimo.com/assets/fonts/icofont7858.svg]
[www.ianonimo.com/assets/css/owl.video.play.html]
[www.ianonimo.com/images/3000x2020.jpg]
[www.ianonimo.com/images/3000x2000.jpg]
